../Core/Src/main.c:111:6:HAL_GPIO_EXTI_Callback	16	static
../Core/Src/main.c:117:6:HAL_ADC_ConvCpltCallback	16	static
../Core/Src/main.c:138:6:HAL_TIM_PeriodElapsedCallback	32	static
../Core/Src/main.c:155:5:main	8	static
../Core/Src/main.c:218:6:SystemClock_Config	88	static
../Core/Src/main.c:264:13:MX_ADC1_Init	24	static
../Core/Src/main.c:316:13:MX_TIM1_Init	32	static
../Core/Src/main.c:360:13:MX_DMA_Init	16	static
../Core/Src/main.c:378:13:MX_GPIO_Init	40	static
../Core/Src/main.c:417:6:Error_Handler	4	static,ignoring_inline_asm
